// Jest Snapshot v1, https://goo.gl/fbAQLP

exports[`betaRefusalFallbackMiddleware (streaming) — shape-B continuation splices the fallback onto the refused stream (matches server-side shape) 1`] = `
[
  "message_start",
  "start[0] thinking",
  "ping",
  "delta[0] thinking_delta",
  "delta[0] thinking_delta",
  "delta[0] thinking_delta",
  "delta[0] thinking_delta",
  "delta[0] signature_delta",
  "stop[0]",
  "start[1] text",
  "delta[1] text_delta",
  "stop[1]",
  "start[2] fallback{claude-fable-5->claude-opus-4-8}",
  "stop[2]",
  "start[3] text",
  "ping",
  "delta[3] text_delta",
  "delta[3] text_delta",
  "delta[3] text_delta",
  "delta[3] text_delta",
  "delta[3] text_delta",
  "delta[3] text_delta",
  "delta[3] text_delta",
  "delta[3] text_delta",
  "delta[3] text_delta",
  "delta[3] text_delta",
  "delta[3] text_delta",
  "delta[3] text_delta",
  "delta[3] text_delta",
  "delta[3] text_delta",
  "delta[3] text_delta",
  "stop[3]",
  "message_delta end_turn iter=[message:claude-fable-5,fallback_message:claude-opus-4-8]",
  "message_stop",
]
`;
